// Vitest Snapshot v1, https://vitest.dev/guide/snapshot.html

exports[`replay: deterministic multi-day multi-symbol sequence > produces the expected fire/skip timeline across all scenarios 1`] = `
[
  {
    "decision": "fire",
    "reason": "daily_move",
    "ruleId": "replay_daily_move",
    "tick": "t0_day1_open",
  },
  {
    "decision": "skip",
    "reason": "below_threshold",
    "ruleId": "replay_pnl",
    "tick": "t0_day1_open",
  },
  {
    "decision": "skip",
    "reason": "insufficient_history",
    "ruleId": "replay_spike",
    "tick": "t0_day1_open",
  },
  {
    "decision": "skip",
    "reason": "no_data",
    "ruleId": "replay_exposure",
    "tick": "t0_day1_open",
  },
  {
    "decision": "fire",
    "reason": "daily_move",
    "ruleId": "replay_quota_0",
    "tick": "t0_day1_open",
  },
  {
    "decision": "fire",
    "reason": "daily_move",
    "ruleId": "replay_quota_1",
    "tick": "t0_day1_open",
  },
  {
    "decision": "fire",
    "reason": "daily_move",
    "ruleId": "replay_quota_2",
    "tick": "t0_day1_open",
  },
  {
    "decision": "fire",
    "reason": "daily_move",
    "ruleId": "replay_quota_3",
    "tick": "t0_day1_open",
  },
  {
    "decision": "fire",
    "reason": "daily_move",
    "ruleId": "replay_quota_4",
    "tick": "t0_day1_open",
  },
  {
    "decision": "fire",
    "reason": "daily_move",
    "ruleId": "replay_quota_5",
    "tick": "t0_day1_open",
  },
  {
    "decision": "fire",
    "reason": "daily_move",
    "ruleId": "replay_quota_6",
    "tick": "t0_day1_open",
  },
  {
    "decision": "fire",
    "reason": "daily_move",
    "ruleId": "replay_quota_7",
    "tick": "t0_day1_open",
  },
  {
    "decision": "fire",
    "reason": "daily_move",
    "ruleId": "replay_quota_8",
    "tick": "t0_day1_open",
  },
  {
    "decision": "fire",
    "reason": "daily_move",
    "ruleId": "replay_quota_9",
    "tick": "t0_day1_open",
  },
  {
    "decision": "fire",
    "reason": "daily_move",
    "ruleId": "replay_quota_10",
    "tick": "t0_day1_open",
  },
  {
    "decision": "fire",
    "reason": "daily_move",
    "ruleId": "replay_quota_11",
    "tick": "t0_day1_open",
  },
  {
    "decision": "fire",
    "reason": "daily_move",
    "ruleId": "replay_quota_12",
    "tick": "t0_day1_open",
  },
  {
    "decision": "fire",
    "reason": "daily_move",
    "ruleId": "replay_quota_13",
    "tick": "t0_day1_open",
  },
  {
    "decision": "fire",
    "reason": "daily_move",
    "ruleId": "replay_quota_14",
    "tick": "t0_day1_open",
  },
  {
    "decision": "fire",
    "reason": "daily_move",
    "ruleId": "replay_quota_15",
    "tick": "t0_day1_open",
  },
  {
    "decision": "fire",
    "reason": "daily_move",
    "ruleId": "replay_quota_16",
    "tick": "t0_day1_open",
  },
  {
    "decision": "fire",
    "reason": "daily_move",
    "ruleId": "replay_quota_17",
    "tick": "t0_day1_open",
  },
  {
    "decision": "fire",
    "reason": "daily_move",
    "ruleId": "replay_quota_18",
    "tick": "t0_day1_open",
  },
  {
    "decision": "fire",
    "reason": "daily_move",
    "ruleId": "replay_quota_19",
    "tick": "t0_day1_open",
  },
  {
    "decision": "fire",
    "reason": "daily_move",
    "ruleId": "replay_quota_20",
    "tick": "t0_day1_open",
  },
  {
    "decision": "fire",
    "reason": "daily_move",
    "ruleId": "replay_quota_21",
    "tick": "t0_day1_open",
  },
  {
    "decision": "fire",
    "reason": "daily_move",
    "ruleId": "replay_quota_22",
    "tick": "t0_day1_open",
  },
  {
    "decision": "fire",
    "reason": "daily_move",
    "ruleId": "replay_quota_23",
    "tick": "t0_day1_open",
  },
  {
    "decision": "fire",
    "reason": "daily_move",
    "ruleId": "replay_quota_24",
    "tick": "t0_day1_open",
  },
  {
    "decision": "fire",
    "reason": "daily_move",
    "ruleId": "replay_quota_25",
    "tick": "t0_day1_open",
  },
  {
    "decision": "fire",
    "reason": "daily_move",
    "ruleId": "replay_quota_26",
    "tick": "t0_day1_open",
  },
  {
    "decision": "fire",
    "reason": "daily_move",
    "ruleId": "replay_quota_27",
    "tick": "t0_day1_open",
  },
  {
    "decision": "fire",
    "reason": "daily_move",
    "ruleId": "replay_quota_28",
    "tick": "t0_day1_open",
  },
  {
    "decision": "fire",
    "reason": "daily_move",
    "ruleId": "replay_quota_29",
    "tick": "t0_day1_open",
  },
  {
    "decision": "skip",
    "reason": "quota",
    "ruleId": "replay_quota_30",
    "tick": "t0_day1_open",
  },
  {
    "decision": "skip",
    "reason": "already_fired_today",
    "ruleId": "replay_daily_move",
    "tick": "t1_still_up",
  },
  {
    "decision": "fire",
    "reason": "unrealized_pnl",
    "ruleId": "replay_pnl",
    "tick": "t1_still_up",
  },
  {
    "decision": "skip",
    "reason": "insufficient_history",
    "ruleId": "replay_spike",
    "tick": "t1_still_up",
  },
  {
    "decision": "skip",
    "reason": "no_data",
    "ruleId": "replay_exposure",
    "tick": "t1_still_up",
  },
  {
    "decision": "skip",
    "reason": "below_threshold",
    "ruleId": "replay_quota_0",
    "tick": "t1_still_up",
  },
  {
    "decision": "skip",
    "reason": "below_threshold",
    "ruleId": "replay_quota_1",
    "tick": "t1_still_up",
  },
  {
    "decision": "skip",
    "reason": "below_threshold",
    "ruleId": "replay_quota_2",
    "tick": "t1_still_up",
  },
  {
    "decision": "skip",
    "reason": "below_threshold",
    "ruleId": "replay_quota_3",
    "tick": "t1_still_up",
  },
  {
    "decision": "skip",
    "reason": "below_threshold",
    "ruleId": "replay_quota_4",
    "tick": "t1_still_up",
  },
  {
    "decision": "skip",
    "reason": "below_threshold",
    "ruleId": "replay_quota_5",
    "tick": "t1_still_up",
  },
  {
    "decision": "skip",
    "reason": "below_threshold",
    "ruleId": "replay_quota_6",
    "tick": "t1_still_up",
  },
  {
    "decision": "skip",
    "reason": "below_threshold",
    "ruleId": "replay_quota_7",
    "tick": "t1_still_up",
  },
  {
    "decision": "skip",
    "reason": "below_threshold",
    "ruleId": "replay_quota_8",
    "tick": "t1_still_up",
  },
  {
    "decision": "skip",
    "reason": "below_threshold",
    "ruleId": "replay_quota_9",
    "tick": "t1_still_up",
  },
  {
    "decision": "skip",
    "reason": "below_threshold",
    "ruleId": "replay_quota_10",
    "tick": "t1_still_up",
  },
  {
    "decision": "skip",
    "reason": "below_threshold",
    "ruleId": "replay_quota_11",
    "tick": "t1_still_up",
  },
  {
    "decision": "skip",
    "reason": "below_threshold",
    "ruleId": "replay_quota_12",
    "tick": "t1_still_up",
  },
  {
    "decision": "skip",
    "reason": "below_threshold",
    "ruleId": "replay_quota_13",
    "tick": "t1_still_up",
  },
  {
    "decision": "skip",
    "reason": "below_threshold",
    "ruleId": "replay_quota_14",
    "tick": "t1_still_up",
  },
  {
    "decision": "skip",
    "reason": "below_threshold",
    "ruleId": "replay_quota_15",
    "tick": "t1_still_up",
  },
  {
    "decision": "skip",
    "reason": "below_threshold",
    "ruleId": "replay_quota_16",
    "tick": "t1_still_up",
  },
  {
    "decision": "skip",
    "reason": "below_threshold",
    "ruleId": "replay_quota_17",
    "tick": "t1_still_up",
  },
  {
    "decision": "skip",
    "reason": "below_threshold",
    "ruleId": "replay_quota_18",
    "tick": "t1_still_up",
  },
  {
    "decision": "skip",
    "reason": "below_threshold",
    "ruleId": "replay_quota_19",
    "tick": "t1_still_up",
  },
  {
    "decision": "skip",
    "reason": "below_threshold",
    "ruleId": "replay_quota_20",
    "tick": "t1_still_up",
  },
  {
    "decision": "skip",
    "reason": "below_threshold",
    "ruleId": "replay_quota_21",
    "tick": "t1_still_up",
  },
  {
    "decision": "skip",
    "reason": "below_threshold",
    "ruleId": "replay_quota_22",
    "tick": "t1_still_up",
  },
  {
    "decision": "skip",
    "reason": "below_threshold",
    "ruleId": "replay_quota_23",
    "tick": "t1_still_up",
  },
  {
    "decision": "skip",
    "reason": "below_threshold",
    "ruleId": "replay_quota_24",
    "tick": "t1_still_up",
  },
  {
    "decision": "skip",
    "reason": "below_threshold",
    "ruleId": "replay_quota_25",
    "tick": "t1_still_up",
  },
  {
    "decision": "skip",
    "reason": "below_threshold",
    "ruleId": "replay_quota_26",
    "tick": "t1_still_up",
  },
  {
    "decision": "skip",
    "reason": "below_threshold",
    "ruleId": "replay_quota_27",
    "tick": "t1_still_up",
  },
  {
    "decision": "skip",
    "reason": "below_threshold",
    "ruleId": "replay_quota_28",
    "tick": "t1_still_up",
  },
  {
    "decision": "skip",
    "reason": "below_threshold",
    "ruleId": "replay_quota_29",
    "tick": "t1_still_up",
  },
  {
    "decision": "skip",
    "reason": "below_threshold",
    "ruleId": "replay_quota_30",
    "tick": "t1_still_up",
  },
  {
    "decision": "skip",
    "reason": "already_fired_today",
    "ruleId": "replay_daily_move",
    "tick": "t2_tsla_zero_volume_sample",
  },
  {
    "decision": "skip",
    "reason": "disarmed",
    "ruleId": "replay_pnl",
    "tick": "t2_tsla_zero_volume_sample",
  },
  {
    "decision": "skip",
    "reason": "insufficient_history",
    "ruleId": "replay_spike",
    "tick": "t2_tsla_zero_volume_sample",
  },
  {
    "decision": "skip",
    "reason": "no_data",
    "ruleId": "replay_exposure",
    "tick": "t2_tsla_zero_volume_sample",
  },
  {
    "decision": "skip",
    "reason": "below_threshold",
    "ruleId": "replay_quota_0",
    "tick": "t2_tsla_zero_volume_sample",
  },
  {
    "decision": "skip",
    "reason": "below_threshold",
    "ruleId": "replay_quota_1",
    "tick": "t2_tsla_zero_volume_sample",
  },
  {
    "decision": "skip",
    "reason": "below_threshold",
    "ruleId": "replay_quota_2",
    "tick": "t2_tsla_zero_volume_sample",
  },
  {
    "decision": "skip",
    "reason": "below_threshold",
    "ruleId": "replay_quota_3",
    "tick": "t2_tsla_zero_volume_sample",
  },
  {
    "decision": "skip",
    "reason": "below_threshold",
    "ruleId": "replay_quota_4",
    "tick": "t2_tsla_zero_volume_sample",
  },
  {
    "decision": "skip",
    "reason": "below_threshold",
    "ruleId": "replay_quota_5",
    "tick": "t2_tsla_zero_volume_sample",
  },
  {
    "decision": "skip",
    "reason": "below_threshold",
    "ruleId": "replay_quota_6",
    "tick": "t2_tsla_zero_volume_sample",
  },
  {
    "decision": "skip",
    "reason": "below_threshold",
    "ruleId": "replay_quota_7",
    "tick": "t2_tsla_zero_volume_sample",
  },
  {
    "decision": "skip",
    "reason": "below_threshold",
    "ruleId": "replay_quota_8",
    "tick": "t2_tsla_zero_volume_sample",
  },
  {
    "decision": "skip",
    "reason": "below_threshold",
    "ruleId": "replay_quota_9",
    "tick": "t2_tsla_zero_volume_sample",
  },
  {
    "decision": "skip",
    "reason": "below_threshold",
    "ruleId": "replay_quota_10",
    "tick": "t2_tsla_zero_volume_sample",
  },
  {
    "decision": "skip",
    "reason": "below_threshold",
    "ruleId": "replay_quota_11",
    "tick": "t2_tsla_zero_volume_sample",
  },
  {
    "decision": "skip",
    "reason": "below_threshold",
    "ruleId": "replay_quota_12",
    "tick": "t2_tsla_zero_volume_sample",
  },
  {
    "decision": "skip",
    "reason": "below_threshold",
    "ruleId": "replay_quota_13",
    "tick": "t2_tsla_zero_volume_sample",
  },
  {
    "decision": "skip",
    "reason": "below_threshold",
    "ruleId": "replay_quota_14",
    "tick": "t2_tsla_zero_volume_sample",
  },
  {
    "decision": "skip",
    "reason": "below_threshold",
    "ruleId": "replay_quota_15",
    "tick": "t2_tsla_zero_volume_sample",
  },
  {
    "decision": "skip",
    "reason": "below_threshold",
    "ruleId": "replay_quota_16",
    "tick": "t2_tsla_zero_volume_sample",
  },
  {
    "decision": "skip",
    "reason": "below_threshold",
    "ruleId": "replay_quota_17",
    "tick": "t2_tsla_zero_volume_sample",
  },
  {
    "decision": "skip",
    "reason": "below_threshold",
    "ruleId": "replay_quota_18",
    "tick": "t2_tsla_zero_volume_sample",
  },
  {
    "decision": "skip",
    "reason": "below_threshold",
    "ruleId": "replay_quota_19",
    "tick": "t2_tsla_zero_volume_sample",
  },
  {
    "decision": "skip",
    "reason": "below_threshold",
    "ruleId": "replay_quota_20",
    "tick": "t2_tsla_zero_volume_sample",
  },
  {
    "decision": "skip",
    "reason": "below_threshold",
    "ruleId": "replay_quota_21",
    "tick": "t2_tsla_zero_volume_sample",
  },
  {
    "decision": "skip",
    "reason": "below_threshold",
    "ruleId": "replay_quota_22",
    "tick": "t2_tsla_zero_volume_sample",
  },
  {
    "decision": "skip",
    "reason": "below_threshold",
    "ruleId": "replay_quota_23",
    "tick": "t2_tsla_zero_volume_sample",
  },
  {
    "decision": "skip",
    "reason": "below_threshold",
    "ruleId": "replay_quota_24",
    "tick": "t2_tsla_zero_volume_sample",
  },
  {
    "decision": "skip",
    "reason": "below_threshold",
    "ruleId": "replay_quota_25",
    "tick": "t2_tsla_zero_volume_sample",
  },
  {
    "decision": "skip",
    "reason": "below_threshold",
    "ruleId": "replay_quota_26",
    "tick": "t2_tsla_zero_volume_sample",
  },
  {
    "decision": "skip",
    "reason": "below_threshold",
    "ruleId": "replay_quota_27",
    "tick": "t2_tsla_zero_volume_sample",
  },
  {
    "decision": "skip",
    "reason": "below_threshold",
    "ruleId": "replay_quota_28",
    "tick": "t2_tsla_zero_volume_sample",
  },
  {
    "decision": "skip",
    "reason": "below_threshold",
    "ruleId": "replay_quota_29",
    "tick": "t2_tsla_zero_volume_sample",
  },
  {
    "decision": "skip",
    "reason": "below_threshold",
    "ruleId": "replay_quota_30",
    "tick": "t2_tsla_zero_volume_sample",
  },
  {
    "decision": "skip",
    "reason": "already_fired_today",
    "ruleId": "replay_daily_move",
    "tick": "t3_tsla_spurious_spike_blocked",
  },
  {
    "decision": "skip",
    "reason": "rearmed",
    "ruleId": "replay_pnl",
    "tick": "t3_tsla_spurious_spike_blocked",
  },
  {
    "decision": "skip",
    "reason": "zero_volume",
    "ruleId": "replay_spike",
    "tick": "t3_tsla_spurious_spike_blocked",
  },
  {
    "decision": "skip",
    "reason": "no_data",
    "ruleId": "replay_exposure",
    "tick": "t3_tsla_spurious_spike_blocked",
  },
  {
    "decision": "skip",
    "reason": "below_threshold",
    "ruleId": "replay_quota_0",
    "tick": "t3_tsla_spurious_spike_blocked",
  },
  {
    "decision": "skip",
    "reason": "below_threshold",
    "ruleId": "replay_quota_1",
    "tick": "t3_tsla_spurious_spike_blocked",
  },
  {
    "decision": "skip",
    "reason": "below_threshold",
    "ruleId": "replay_quota_2",
    "tick": "t3_tsla_spurious_spike_blocked",
  },
  {
    "decision": "skip",
    "reason": "below_threshold",
    "ruleId": "replay_quota_3",
    "tick": "t3_tsla_spurious_spike_blocked",
  },
  {
    "decision": "skip",
    "reason": "below_threshold",
    "ruleId": "replay_quota_4",
    "tick": "t3_tsla_spurious_spike_blocked",
  },
  {
    "decision": "skip",
    "reason": "below_threshold",
    "ruleId": "replay_quota_5",
    "tick": "t3_tsla_spurious_spike_blocked",
  },
  {
    "decision": "skip",
    "reason": "below_threshold",
    "ruleId": "replay_quota_6",
    "tick": "t3_tsla_spurious_spike_blocked",
  },
  {
    "decision": "skip",
    "reason": "below_threshold",
    "ruleId": "replay_quota_7",
    "tick": "t3_tsla_spurious_spike_blocked",
  },
  {
    "decision": "skip",
    "reason": "below_threshold",
    "ruleId": "replay_quota_8",
    "tick": "t3_tsla_spurious_spike_blocked",
  },
  {
    "decision": "skip",
    "reason": "below_threshold",
    "ruleId": "replay_quota_9",
    "tick": "t3_tsla_spurious_spike_blocked",
  },
  {
    "decision": "skip",
    "reason": "below_threshold",
    "ruleId": "replay_quota_10",
    "tick": "t3_tsla_spurious_spike_blocked",
  },
  {
    "decision": "skip",
    "reason": "below_threshold",
    "ruleId": "replay_quota_11",
    "tick": "t3_tsla_spurious_spike_blocked",
  },
  {
    "decision": "skip",
    "reason": "below_threshold",
    "ruleId": "replay_quota_12",
    "tick": "t3_tsla_spurious_spike_blocked",
  },
  {
    "decision": "skip",
    "reason": "below_threshold",
    "ruleId": "replay_quota_13",
    "tick": "t3_tsla_spurious_spike_blocked",
  },
  {
    "decision": "skip",
    "reason": "below_threshold",
    "ruleId": "replay_quota_14",
    "tick": "t3_tsla_spurious_spike_blocked",
  },
  {
    "decision": "skip",
    "reason": "below_threshold",
    "ruleId": "replay_quota_15",
    "tick": "t3_tsla_spurious_spike_blocked",
  },
  {
    "decision": "skip",
    "reason": "below_threshold",
    "ruleId": "replay_quota_16",
    "tick": "t3_tsla_spurious_spike_blocked",
  },
  {
    "decision": "skip",
    "reason": "below_threshold",
    "ruleId": "replay_quota_17",
    "tick": "t3_tsla_spurious_spike_blocked",
  },
  {
    "decision": "skip",
    "reason": "below_threshold",
    "ruleId": "replay_quota_18",
    "tick": "t3_tsla_spurious_spike_blocked",
  },
  {
    "decision": "skip",
    "reason": "below_threshold",
    "ruleId": "replay_quota_19",
    "tick": "t3_tsla_spurious_spike_blocked",
  },
  {
    "decision": "skip",
    "reason": "below_threshold",
    "ruleId": "replay_quota_20",
    "tick": "t3_tsla_spurious_spike_blocked",
  },
  {
    "decision": "skip",
    "reason": "below_threshold",
    "ruleId": "replay_quota_21",
    "tick": "t3_tsla_spurious_spike_blocked",
  },
  {
    "decision": "skip",
    "reason": "below_threshold",
    "ruleId": "replay_quota_22",
    "tick": "t3_tsla_spurious_spike_blocked",
  },
  {
    "decision": "skip",
    "reason": "below_threshold",
    "ruleId": "replay_quota_23",
    "tick": "t3_tsla_spurious_spike_blocked",
  },
  {
    "decision": "skip",
    "reason": "below_threshold",
    "ruleId": "replay_quota_24",
    "tick": "t3_tsla_spurious_spike_blocked",
  },
  {
    "decision": "skip",
    "reason": "below_threshold",
    "ruleId": "replay_quota_25",
    "tick": "t3_tsla_spurious_spike_blocked",
  },
  {
    "decision": "skip",
    "reason": "below_threshold",
    "ruleId": "replay_quota_26",
    "tick": "t3_tsla_spurious_spike_blocked",
  },
  {
    "decision": "skip",
    "reason": "below_threshold",
    "ruleId": "replay_quota_27",
    "tick": "t3_tsla_spurious_spike_blocked",
  },
  {
    "decision": "skip",
    "reason": "below_threshold",
    "ruleId": "replay_quota_28",
    "tick": "t3_tsla_spurious_spike_blocked",
  },
  {
    "decision": "skip",
    "reason": "below_threshold",
    "ruleId": "replay_quota_29",
    "tick": "t3_tsla_spurious_spike_blocked",
  },
  {
    "decision": "skip",
    "reason": "below_threshold",
    "ruleId": "replay_quota_30",
    "tick": "t3_tsla_spurious_spike_blocked",
  },
  {
    "decision": "skip",
    "reason": "already_fired_today",
    "ruleId": "replay_daily_move",
    "tick": "t4_tsla_still_blocked_msft_refires",
  },
  {
    "decision": "fire",
    "reason": "unrealized_pnl",
    "ruleId": "replay_pnl",
    "tick": "t4_tsla_still_blocked_msft_refires",
  },
  {
    "decision": "skip",
    "reason": "zero_volume",
    "ruleId": "replay_spike",
    "tick": "t4_tsla_still_blocked_msft_refires",
  },
  {
    "decision": "skip",
    "reason": "no_data",
    "ruleId": "replay_exposure",
    "tick": "t4_tsla_still_blocked_msft_refires",
  },
  {
    "decision": "skip",
    "reason": "below_threshold",
    "ruleId": "replay_quota_0",
    "tick": "t4_tsla_still_blocked_msft_refires",
  },
  {
    "decision": "skip",
    "reason": "below_threshold",
    "ruleId": "replay_quota_1",
    "tick": "t4_tsla_still_blocked_msft_refires",
  },
  {
    "decision": "skip",
    "reason": "below_threshold",
    "ruleId": "replay_quota_2",
    "tick": "t4_tsla_still_blocked_msft_refires",
  },
  {
    "decision": "skip",
    "reason": "below_threshold",
    "ruleId": "replay_quota_3",
    "tick": "t4_tsla_still_blocked_msft_refires",
  },
  {
    "decision": "skip",
    "reason": "below_threshold",
    "ruleId": "replay_quota_4",
    "tick": "t4_tsla_still_blocked_msft_refires",
  },
  {
    "decision": "skip",
    "reason": "below_threshold",
    "ruleId": "replay_quota_5",
    "tick": "t4_tsla_still_blocked_msft_refires",
  },
  {
    "decision": "skip",
    "reason": "below_threshold",
    "ruleId": "replay_quota_6",
    "tick": "t4_tsla_still_blocked_msft_refires",
  },
  {
    "decision": "skip",
    "reason": "below_threshold",
    "ruleId": "replay_quota_7",
    "tick": "t4_tsla_still_blocked_msft_refires",
  },
  {
    "decision": "skip",
    "reason": "below_threshold",
    "ruleId": "replay_quota_8",
    "tick": "t4_tsla_still_blocked_msft_refires",
  },
  {
    "decision": "skip",
    "reason": "below_threshold",
    "ruleId": "replay_quota_9",
    "tick": "t4_tsla_still_blocked_msft_refires",
  },
  {
    "decision": "skip",
    "reason": "below_threshold",
    "ruleId": "replay_quota_10",
    "tick": "t4_tsla_still_blocked_msft_refires",
  },
  {
    "decision": "skip",
    "reason": "below_threshold",
    "ruleId": "replay_quota_11",
    "tick": "t4_tsla_still_blocked_msft_refires",
  },
  {
    "decision": "skip",
    "reason": "below_threshold",
    "ruleId": "replay_quota_12",
    "tick": "t4_tsla_still_blocked_msft_refires",
  },
  {
    "decision": "skip",
    "reason": "below_threshold",
    "ruleId": "replay_quota_13",
    "tick": "t4_tsla_still_blocked_msft_refires",
  },
  {
    "decision": "skip",
    "reason": "below_threshold",
    "ruleId": "replay_quota_14",
    "tick": "t4_tsla_still_blocked_msft_refires",
  },
  {
    "decision": "skip",
    "reason": "below_threshold",
    "ruleId": "replay_quota_15",
    "tick": "t4_tsla_still_blocked_msft_refires",
  },
  {
    "decision": "skip",
    "reason": "below_threshold",
    "ruleId": "replay_quota_16",
    "tick": "t4_tsla_still_blocked_msft_refires",
  },
  {
    "decision": "skip",
    "reason": "below_threshold",
    "ruleId": "replay_quota_17",
    "tick": "t4_tsla_still_blocked_msft_refires",
  },
  {
    "decision": "skip",
    "reason": "below_threshold",
    "ruleId": "replay_quota_18",
    "tick": "t4_tsla_still_blocked_msft_refires",
  },
  {
    "decision": "skip",
    "reason": "below_threshold",
    "ruleId": "replay_quota_19",
    "tick": "t4_tsla_still_blocked_msft_refires",
  },
  {
    "decision": "skip",
    "reason": "below_threshold",
    "ruleId": "replay_quota_20",
    "tick": "t4_tsla_still_blocked_msft_refires",
  },
  {
    "decision": "skip",
    "reason": "below_threshold",
    "ruleId": "replay_quota_21",
    "tick": "t4_tsla_still_blocked_msft_refires",
  },
  {
    "decision": "skip",
    "reason": "below_threshold",
    "ruleId": "replay_quota_22",
    "tick": "t4_tsla_still_blocked_msft_refires",
  },
  {
    "decision": "skip",
    "reason": "below_threshold",
    "ruleId": "replay_quota_23",
    "tick": "t4_tsla_still_blocked_msft_refires",
  },
  {
    "decision": "skip",
    "reason": "below_threshold",
    "ruleId": "replay_quota_24",
    "tick": "t4_tsla_still_blocked_msft_refires",
  },
  {
    "decision": "skip",
    "reason": "below_threshold",
    "ruleId": "replay_quota_25",
    "tick": "t4_tsla_still_blocked_msft_refires",
  },
  {
    "decision": "skip",
    "reason": "below_threshold",
    "ruleId": "replay_quota_26",
    "tick": "t4_tsla_still_blocked_msft_refires",
  },
  {
    "decision": "skip",
    "reason": "below_threshold",
    "ruleId": "replay_quota_27",
    "tick": "t4_tsla_still_blocked_msft_refires",
  },
  {
    "decision": "skip",
    "reason": "below_threshold",
    "ruleId": "replay_quota_28",
    "tick": "t4_tsla_still_blocked_msft_refires",
  },
  {
    "decision": "skip",
    "reason": "below_threshold",
    "ruleId": "replay_quota_29",
    "tick": "t4_tsla_still_blocked_msft_refires",
  },
  {
    "decision": "skip",
    "reason": "below_threshold",
    "ruleId": "replay_quota_30",
    "tick": "t4_tsla_still_blocked_msft_refires",
  },
  {
    "decision": "skip",
    "reason": "already_fired_today",
    "ruleId": "replay_daily_move",
    "tick": "t5_tsla_still_blocked",
  },
  {
    "decision": "skip",
    "reason": "disarmed",
    "ruleId": "replay_pnl",
    "tick": "t5_tsla_still_blocked",
  },
  {
    "decision": "skip",
    "reason": "zero_volume",
    "ruleId": "replay_spike",
    "tick": "t5_tsla_still_blocked",
  },
  {
    "decision": "skip",
    "reason": "no_data",
    "ruleId": "replay_exposure",
    "tick": "t5_tsla_still_blocked",
  },
  {
    "decision": "skip",
    "reason": "below_threshold",
    "ruleId": "replay_quota_0",
    "tick": "t5_tsla_still_blocked",
  },
  {
    "decision": "skip",
    "reason": "below_threshold",
    "ruleId": "replay_quota_1",
    "tick": "t5_tsla_still_blocked",
  },
  {
    "decision": "skip",
    "reason": "below_threshold",
    "ruleId": "replay_quota_2",
    "tick": "t5_tsla_still_blocked",
  },
  {
    "decision": "skip",
    "reason": "below_threshold",
    "ruleId": "replay_quota_3",
    "tick": "t5_tsla_still_blocked",
  },
  {
    "decision": "skip",
    "reason": "below_threshold",
    "ruleId": "replay_quota_4",
    "tick": "t5_tsla_still_blocked",
  },
  {
    "decision": "skip",
    "reason": "below_threshold",
    "ruleId": "replay_quota_5",
    "tick": "t5_tsla_still_blocked",
  },
  {
    "decision": "skip",
    "reason": "below_threshold",
    "ruleId": "replay_quota_6",
    "tick": "t5_tsla_still_blocked",
  },
  {
    "decision": "skip",
    "reason": "below_threshold",
    "ruleId": "replay_quota_7",
    "tick": "t5_tsla_still_blocked",
  },
  {
    "decision": "skip",
    "reason": "below_threshold",
    "ruleId": "replay_quota_8",
    "tick": "t5_tsla_still_blocked",
  },
  {
    "decision": "skip",
    "reason": "below_threshold",
    "ruleId": "replay_quota_9",
    "tick": "t5_tsla_still_blocked",
  },
  {
    "decision": "skip",
    "reason": "below_threshold",
    "ruleId": "replay_quota_10",
    "tick": "t5_tsla_still_blocked",
  },
  {
    "decision": "skip",
    "reason": "below_threshold",
    "ruleId": "replay_quota_11",
    "tick": "t5_tsla_still_blocked",
  },
  {
    "decision": "skip",
    "reason": "below_threshold",
    "ruleId": "replay_quota_12",
    "tick": "t5_tsla_still_blocked",
  },
  {
    "decision": "skip",
    "reason": "below_threshold",
    "ruleId": "replay_quota_13",
    "tick": "t5_tsla_still_blocked",
  },
  {
    "decision": "skip",
    "reason": "below_threshold",
    "ruleId": "replay_quota_14",
    "tick": "t5_tsla_still_blocked",
  },
  {
    "decision": "skip",
    "reason": "below_threshold",
    "ruleId": "replay_quota_15",
    "tick": "t5_tsla_still_blocked",
  },
  {
    "decision": "skip",
    "reason": "below_threshold",
    "ruleId": "replay_quota_16",
    "tick": "t5_tsla_still_blocked",
  },
  {
    "decision": "skip",
    "reason": "below_threshold",
    "ruleId": "replay_quota_17",
    "tick": "t5_tsla_still_blocked",
  },
  {
    "decision": "skip",
    "reason": "below_threshold",
    "ruleId": "replay_quota_18",
    "tick": "t5_tsla_still_blocked",
  },
  {
    "decision": "skip",
    "reason": "below_threshold",
    "ruleId": "replay_quota_19",
    "tick": "t5_tsla_still_blocked",
  },
  {
    "decision": "skip",
    "reason": "below_threshold",
    "ruleId": "replay_quota_20",
    "tick": "t5_tsla_still_blocked",
  },
  {
    "decision": "skip",
    "reason": "below_threshold",
    "ruleId": "replay_quota_21",
    "tick": "t5_tsla_still_blocked",
  },
  {
    "decision": "skip",
    "reason": "below_threshold",
    "ruleId": "replay_quota_22",
    "tick": "t5_tsla_still_blocked",
  },
  {
    "decision": "skip",
    "reason": "below_threshold",
    "ruleId": "replay_quota_23",
    "tick": "t5_tsla_still_blocked",
  },
  {
    "decision": "skip",
    "reason": "below_threshold",
    "ruleId": "replay_quota_24",
    "tick": "t5_tsla_still_blocked",
  },
  {
    "decision": "skip",
    "reason": "below_threshold",
    "ruleId": "replay_quota_25",
    "tick": "t5_tsla_still_blocked",
  },
  {
    "decision": "skip",
    "reason": "below_threshold",
    "ruleId": "replay_quota_26",
    "tick": "t5_tsla_still_blocked",
  },
  {
    "decision": "skip",
    "reason": "below_threshold",
    "ruleId": "replay_quota_27",
    "tick": "t5_tsla_still_blocked",
  },
  {
    "decision": "skip",
    "reason": "below_threshold",
    "ruleId": "replay_quota_28",
    "tick": "t5_tsla_still_blocked",
  },
  {
    "decision": "skip",
    "reason": "below_threshold",
    "ruleId": "replay_quota_29",
    "tick": "t5_tsla_still_blocked",
  },
  {
    "decision": "skip",
    "reason": "below_threshold",
    "ruleId": "replay_quota_30",
    "tick": "t5_tsla_still_blocked",
  },
  {
    "decision": "skip",
    "reason": "already_fired_today",
    "ruleId": "replay_daily_move",
    "tick": "t6_tsla_clean_spike_fires",
  },
  {
    "decision": "skip",
    "reason": "disarmed",
    "ruleId": "replay_pnl",
    "tick": "t6_tsla_clean_spike_fires",
  },
  {
    "decision": "fire",
    "reason": "spike_5m",
    "ruleId": "replay_spike",
    "tick": "t6_tsla_clean_spike_fires",
  },
  {
    "decision": "skip",
    "reason": "no_data",
    "ruleId": "replay_exposure",
    "tick": "t6_tsla_clean_spike_fires",
  },
  {
    "decision": "skip",
    "reason": "below_threshold",
    "ruleId": "replay_quota_0",
    "tick": "t6_tsla_clean_spike_fires",
  },
  {
    "decision": "skip",
    "reason": "below_threshold",
    "ruleId": "replay_quota_1",
    "tick": "t6_tsla_clean_spike_fires",
  },
  {
    "decision": "skip",
    "reason": "below_threshold",
    "ruleId": "replay_quota_2",
    "tick": "t6_tsla_clean_spike_fires",
  },
  {
    "decision": "skip",
    "reason": "below_threshold",
    "ruleId": "replay_quota_3",
    "tick": "t6_tsla_clean_spike_fires",
  },
  {
    "decision": "skip",
    "reason": "below_threshold",
    "ruleId": "replay_quota_4",
    "tick": "t6_tsla_clean_spike_fires",
  },
  {
    "decision": "skip",
    "reason": "below_threshold",
    "ruleId": "replay_quota_5",
    "tick": "t6_tsla_clean_spike_fires",
  },
  {
    "decision": "skip",
    "reason": "below_threshold",
    "ruleId": "replay_quota_6",
    "tick": "t6_tsla_clean_spike_fires",
  },
  {
    "decision": "skip",
    "reason": "below_threshold",
    "ruleId": "replay_quota_7",
    "tick": "t6_tsla_clean_spike_fires",
  },
  {
    "decision": "skip",
    "reason": "below_threshold",
    "ruleId": "replay_quota_8",
    "tick": "t6_tsla_clean_spike_fires",
  },
  {
    "decision": "skip",
    "reason": "below_threshold",
    "ruleId": "replay_quota_9",
    "tick": "t6_tsla_clean_spike_fires",
  },
  {
    "decision": "skip",
    "reason": "below_threshold",
    "ruleId": "replay_quota_10",
    "tick": "t6_tsla_clean_spike_fires",
  },
  {
    "decision": "skip",
    "reason": "below_threshold",
    "ruleId": "replay_quota_11",
    "tick": "t6_tsla_clean_spike_fires",
  },
  {
    "decision": "skip",
    "reason": "below_threshold",
    "ruleId": "replay_quota_12",
    "tick": "t6_tsla_clean_spike_fires",
  },
  {
    "decision": "skip",
    "reason": "below_threshold",
    "ruleId": "replay_quota_13",
    "tick": "t6_tsla_clean_spike_fires",
  },
  {
    "decision": "skip",
    "reason": "below_threshold",
    "ruleId": "replay_quota_14",
    "tick": "t6_tsla_clean_spike_fires",
  },
  {
    "decision": "skip",
    "reason": "below_threshold",
    "ruleId": "replay_quota_15",
    "tick": "t6_tsla_clean_spike_fires",
  },
  {
    "decision": "skip",
    "reason": "below_threshold",
    "ruleId": "replay_quota_16",
    "tick": "t6_tsla_clean_spike_fires",
  },
  {
    "decision": "skip",
    "reason": "below_threshold",
    "ruleId": "replay_quota_17",
    "tick": "t6_tsla_clean_spike_fires",
  },
  {
    "decision": "skip",
    "reason": "below_threshold",
    "ruleId": "replay_quota_18",
    "tick": "t6_tsla_clean_spike_fires",
  },
  {
    "decision": "skip",
    "reason": "below_threshold",
    "ruleId": "replay_quota_19",
    "tick": "t6_tsla_clean_spike_fires",
  },
  {
    "decision": "skip",
    "reason": "below_threshold",
    "ruleId": "replay_quota_20",
    "tick": "t6_tsla_clean_spike_fires",
  },
  {
    "decision": "skip",
    "reason": "below_threshold",
    "ruleId": "replay_quota_21",
    "tick": "t6_tsla_clean_spike_fires",
  },
  {
    "decision": "skip",
    "reason": "below_threshold",
    "ruleId": "replay_quota_22",
    "tick": "t6_tsla_clean_spike_fires",
  },
  {
    "decision": "skip",
    "reason": "below_threshold",
    "ruleId": "replay_quota_23",
    "tick": "t6_tsla_clean_spike_fires",
  },
  {
    "decision": "skip",
    "reason": "below_threshold",
    "ruleId": "replay_quota_24",
    "tick": "t6_tsla_clean_spike_fires",
  },
  {
    "decision": "skip",
    "reason": "below_threshold",
    "ruleId": "replay_quota_25",
    "tick": "t6_tsla_clean_spike_fires",
  },
  {
    "decision": "skip",
    "reason": "below_threshold",
    "ruleId": "replay_quota_26",
    "tick": "t6_tsla_clean_spike_fires",
  },
  {
    "decision": "skip",
    "reason": "below_threshold",
    "ruleId": "replay_quota_27",
    "tick": "t6_tsla_clean_spike_fires",
  },
  {
    "decision": "skip",
    "reason": "below_threshold",
    "ruleId": "replay_quota_28",
    "tick": "t6_tsla_clean_spike_fires",
  },
  {
    "decision": "skip",
    "reason": "below_threshold",
    "ruleId": "replay_quota_29",
    "tick": "t6_tsla_clean_spike_fires",
  },
  {
    "decision": "skip",
    "reason": "below_threshold",
    "ruleId": "replay_quota_30",
    "tick": "t6_tsla_clean_spike_fires",
  },
  {
    "decision": "skip",
    "reason": "already_fired_today",
    "ruleId": "replay_daily_move",
    "tick": "t7_tsla_cooldown_blocks",
  },
  {
    "decision": "skip",
    "reason": "disarmed",
    "ruleId": "replay_pnl",
    "tick": "t7_tsla_cooldown_blocks",
  },
  {
    "decision": "skip",
    "reason": "cooldown",
    "ruleId": "replay_spike",
    "tick": "t7_tsla_cooldown_blocks",
  },
  {
    "decision": "skip",
    "reason": "no_data",
    "ruleId": "replay_exposure",
    "tick": "t7_tsla_cooldown_blocks",
  },
  {
    "decision": "skip",
    "reason": "below_threshold",
    "ruleId": "replay_quota_0",
    "tick": "t7_tsla_cooldown_blocks",
  },
  {
    "decision": "skip",
    "reason": "below_threshold",
    "ruleId": "replay_quota_1",
    "tick": "t7_tsla_cooldown_blocks",
  },
  {
    "decision": "skip",
    "reason": "below_threshold",
    "ruleId": "replay_quota_2",
    "tick": "t7_tsla_cooldown_blocks",
  },
  {
    "decision": "skip",
    "reason": "below_threshold",
    "ruleId": "replay_quota_3",
    "tick": "t7_tsla_cooldown_blocks",
  },
  {
    "decision": "skip",
    "reason": "below_threshold",
    "ruleId": "replay_quota_4",
    "tick": "t7_tsla_cooldown_blocks",
  },
  {
    "decision": "skip",
    "reason": "below_threshold",
    "ruleId": "replay_quota_5",
    "tick": "t7_tsla_cooldown_blocks",
  },
  {
    "decision": "skip",
    "reason": "below_threshold",
    "ruleId": "replay_quota_6",
    "tick": "t7_tsla_cooldown_blocks",
  },
  {
    "decision": "skip",
    "reason": "below_threshold",
    "ruleId": "replay_quota_7",
    "tick": "t7_tsla_cooldown_blocks",
  },
  {
    "decision": "skip",
    "reason": "below_threshold",
    "ruleId": "replay_quota_8",
    "tick": "t7_tsla_cooldown_blocks",
  },
  {
    "decision": "skip",
    "reason": "below_threshold",
    "ruleId": "replay_quota_9",
    "tick": "t7_tsla_cooldown_blocks",
  },
  {
    "decision": "skip",
    "reason": "below_threshold",
    "ruleId": "replay_quota_10",
    "tick": "t7_tsla_cooldown_blocks",
  },
  {
    "decision": "skip",
    "reason": "below_threshold",
    "ruleId": "replay_quota_11",
    "tick": "t7_tsla_cooldown_blocks",
  },
  {
    "decision": "skip",
    "reason": "below_threshold",
    "ruleId": "replay_quota_12",
    "tick": "t7_tsla_cooldown_blocks",
  },
  {
    "decision": "skip",
    "reason": "below_threshold",
    "ruleId": "replay_quota_13",
    "tick": "t7_tsla_cooldown_blocks",
  },
  {
    "decision": "skip",
    "reason": "below_threshold",
    "ruleId": "replay_quota_14",
    "tick": "t7_tsla_cooldown_blocks",
  },
  {
    "decision": "skip",
    "reason": "below_threshold",
    "ruleId": "replay_quota_15",
    "tick": "t7_tsla_cooldown_blocks",
  },
  {
    "decision": "skip",
    "reason": "below_threshold",
    "ruleId": "replay_quota_16",
    "tick": "t7_tsla_cooldown_blocks",
  },
  {
    "decision": "skip",
    "reason": "below_threshold",
    "ruleId": "replay_quota_17",
    "tick": "t7_tsla_cooldown_blocks",
  },
  {
    "decision": "skip",
    "reason": "below_threshold",
    "ruleId": "replay_quota_18",
    "tick": "t7_tsla_cooldown_blocks",
  },
  {
    "decision": "skip",
    "reason": "below_threshold",
    "ruleId": "replay_quota_19",
    "tick": "t7_tsla_cooldown_blocks",
  },
  {
    "decision": "skip",
    "reason": "below_threshold",
    "ruleId": "replay_quota_20",
    "tick": "t7_tsla_cooldown_blocks",
  },
  {
    "decision": "skip",
    "reason": "below_threshold",
    "ruleId": "replay_quota_21",
    "tick": "t7_tsla_cooldown_blocks",
  },
  {
    "decision": "skip",
    "reason": "below_threshold",
    "ruleId": "replay_quota_22",
    "tick": "t7_tsla_cooldown_blocks",
  },
  {
    "decision": "skip",
    "reason": "below_threshold",
    "ruleId": "replay_quota_23",
    "tick": "t7_tsla_cooldown_blocks",
  },
  {
    "decision": "skip",
    "reason": "below_threshold",
    "ruleId": "replay_quota_24",
    "tick": "t7_tsla_cooldown_blocks",
  },
  {
    "decision": "skip",
    "reason": "below_threshold",
    "ruleId": "replay_quota_25",
    "tick": "t7_tsla_cooldown_blocks",
  },
  {
    "decision": "skip",
    "reason": "below_threshold",
    "ruleId": "replay_quota_26",
    "tick": "t7_tsla_cooldown_blocks",
  },
  {
    "decision": "skip",
    "reason": "below_threshold",
    "ruleId": "replay_quota_27",
    "tick": "t7_tsla_cooldown_blocks",
  },
  {
    "decision": "skip",
    "reason": "below_threshold",
    "ruleId": "replay_quota_28",
    "tick": "t7_tsla_cooldown_blocks",
  },
  {
    "decision": "skip",
    "reason": "below_threshold",
    "ruleId": "replay_quota_29",
    "tick": "t7_tsla_cooldown_blocks",
  },
  {
    "decision": "skip",
    "reason": "below_threshold",
    "ruleId": "replay_quota_30",
    "tick": "t7_tsla_cooldown_blocks",
  },
  {
    "decision": "fire",
    "reason": "daily_move",
    "ruleId": "replay_daily_move",
    "tick": "t8_day2_open",
  },
  {
    "decision": "skip",
    "reason": "disarmed",
    "ruleId": "replay_pnl",
    "tick": "t8_day2_open",
  },
  {
    "decision": "skip",
    "reason": "stale_window",
    "ruleId": "replay_spike",
    "tick": "t8_day2_open",
  },
  {
    "decision": "skip",
    "reason": "below_threshold",
    "ruleId": "replay_exposure",
    "tick": "t8_day2_open",
  },
  {
    "decision": "fire",
    "reason": "daily_move",
    "ruleId": "replay_quota_0",
    "tick": "t8_day2_open",
  },
  {
    "decision": "fire",
    "reason": "daily_move",
    "ruleId": "replay_quota_1",
    "tick": "t8_day2_open",
  },
  {
    "decision": "fire",
    "reason": "daily_move",
    "ruleId": "replay_quota_2",
    "tick": "t8_day2_open",
  },
  {
    "decision": "fire",
    "reason": "daily_move",
    "ruleId": "replay_quota_3",
    "tick": "t8_day2_open",
  },
  {
    "decision": "fire",
    "reason": "daily_move",
    "ruleId": "replay_quota_4",
    "tick": "t8_day2_open",
  },
  {
    "decision": "fire",
    "reason": "daily_move",
    "ruleId": "replay_quota_5",
    "tick": "t8_day2_open",
  },
  {
    "decision": "fire",
    "reason": "daily_move",
    "ruleId": "replay_quota_6",
    "tick": "t8_day2_open",
  },
  {
    "decision": "fire",
    "reason": "daily_move",
    "ruleId": "replay_quota_7",
    "tick": "t8_day2_open",
  },
  {
    "decision": "fire",
    "reason": "daily_move",
    "ruleId": "replay_quota_8",
    "tick": "t8_day2_open",
  },
  {
    "decision": "fire",
    "reason": "daily_move",
    "ruleId": "replay_quota_9",
    "tick": "t8_day2_open",
  },
  {
    "decision": "fire",
    "reason": "daily_move",
    "ruleId": "replay_quota_10",
    "tick": "t8_day2_open",
  },
  {
    "decision": "fire",
    "reason": "daily_move",
    "ruleId": "replay_quota_11",
    "tick": "t8_day2_open",
  },
  {
    "decision": "fire",
    "reason": "daily_move",
    "ruleId": "replay_quota_12",
    "tick": "t8_day2_open",
  },
  {
    "decision": "fire",
    "reason": "daily_move",
    "ruleId": "replay_quota_13",
    "tick": "t8_day2_open",
  },
  {
    "decision": "fire",
    "reason": "daily_move",
    "ruleId": "replay_quota_14",
    "tick": "t8_day2_open",
  },
  {
    "decision": "fire",
    "reason": "daily_move",
    "ruleId": "replay_quota_15",
    "tick": "t8_day2_open",
  },
  {
    "decision": "fire",
    "reason": "daily_move",
    "ruleId": "replay_quota_16",
    "tick": "t8_day2_open",
  },
  {
    "decision": "fire",
    "reason": "daily_move",
    "ruleId": "replay_quota_17",
    "tick": "t8_day2_open",
  },
  {
    "decision": "fire",
    "reason": "daily_move",
    "ruleId": "replay_quota_18",
    "tick": "t8_day2_open",
  },
  {
    "decision": "fire",
    "reason": "daily_move",
    "ruleId": "replay_quota_19",
    "tick": "t8_day2_open",
  },
  {
    "decision": "fire",
    "reason": "daily_move",
    "ruleId": "replay_quota_20",
    "tick": "t8_day2_open",
  },
  {
    "decision": "fire",
    "reason": "daily_move",
    "ruleId": "replay_quota_21",
    "tick": "t8_day2_open",
  },
  {
    "decision": "fire",
    "reason": "daily_move",
    "ruleId": "replay_quota_22",
    "tick": "t8_day2_open",
  },
  {
    "decision": "fire",
    "reason": "daily_move",
    "ruleId": "replay_quota_23",
    "tick": "t8_day2_open",
  },
  {
    "decision": "fire",
    "reason": "daily_move",
    "ruleId": "replay_quota_24",
    "tick": "t8_day2_open",
  },
  {
    "decision": "fire",
    "reason": "daily_move",
    "ruleId": "replay_quota_25",
    "tick": "t8_day2_open",
  },
  {
    "decision": "fire",
    "reason": "daily_move",
    "ruleId": "replay_quota_26",
    "tick": "t8_day2_open",
  },
  {
    "decision": "fire",
    "reason": "daily_move",
    "ruleId": "replay_quota_27",
    "tick": "t8_day2_open",
  },
  {
    "decision": "fire",
    "reason": "daily_move",
    "ruleId": "replay_quota_28",
    "tick": "t8_day2_open",
  },
  {
    "decision": "fire",
    "reason": "daily_move",
    "ruleId": "replay_quota_29",
    "tick": "t8_day2_open",
  },
  {
    "decision": "skip",
    "reason": "quota",
    "ruleId": "replay_quota_30",
    "tick": "t8_day2_open",
  },
  {
    "decision": "skip",
    "reason": "already_fired_today",
    "ruleId": "replay_daily_move",
    "tick": "t9_msft_whipsaw_down_fires",
  },
  {
    "decision": "fire",
    "reason": "unrealized_pnl",
    "ruleId": "replay_pnl",
    "tick": "t9_msft_whipsaw_down_fires",
  },
  {
    "decision": "skip",
    "reason": "insufficient_history",
    "ruleId": "replay_spike",
    "tick": "t9_msft_whipsaw_down_fires",
  },
  {
    "decision": "fire",
    "reason": "exposure",
    "ruleId": "replay_exposure",
    "tick": "t9_msft_whipsaw_down_fires",
  },
  {
    "decision": "skip",
    "reason": "already_fired_today",
    "ruleId": "replay_quota_0",
    "tick": "t9_msft_whipsaw_down_fires",
  },
  {
    "decision": "skip",
    "reason": "already_fired_today",
    "ruleId": "replay_quota_1",
    "tick": "t9_msft_whipsaw_down_fires",
  },
  {
    "decision": "skip",
    "reason": "already_fired_today",
    "ruleId": "replay_quota_2",
    "tick": "t9_msft_whipsaw_down_fires",
  },
  {
    "decision": "skip",
    "reason": "already_fired_today",
    "ruleId": "replay_quota_3",
    "tick": "t9_msft_whipsaw_down_fires",
  },
  {
    "decision": "skip",
    "reason": "already_fired_today",
    "ruleId": "replay_quota_4",
    "tick": "t9_msft_whipsaw_down_fires",
  },
  {
    "decision": "skip",
    "reason": "already_fired_today",
    "ruleId": "replay_quota_5",
    "tick": "t9_msft_whipsaw_down_fires",
  },
  {
    "decision": "skip",
    "reason": "already_fired_today",
    "ruleId": "replay_quota_6",
    "tick": "t9_msft_whipsaw_down_fires",
  },
  {
    "decision": "skip",
    "reason": "already_fired_today",
    "ruleId": "replay_quota_7",
    "tick": "t9_msft_whipsaw_down_fires",
  },
  {
    "decision": "skip",
    "reason": "already_fired_today",
    "ruleId": "replay_quota_8",
    "tick": "t9_msft_whipsaw_down_fires",
  },
  {
    "decision": "skip",
    "reason": "already_fired_today",
    "ruleId": "replay_quota_9",
    "tick": "t9_msft_whipsaw_down_fires",
  },
  {
    "decision": "skip",
    "reason": "already_fired_today",
    "ruleId": "replay_quota_10",
    "tick": "t9_msft_whipsaw_down_fires",
  },
  {
    "decision": "skip",
    "reason": "already_fired_today",
    "ruleId": "replay_quota_11",
    "tick": "t9_msft_whipsaw_down_fires",
  },
  {
    "decision": "skip",
    "reason": "already_fired_today",
    "ruleId": "replay_quota_12",
    "tick": "t9_msft_whipsaw_down_fires",
  },
  {
    "decision": "skip",
    "reason": "already_fired_today",
    "ruleId": "replay_quota_13",
    "tick": "t9_msft_whipsaw_down_fires",
  },
  {
    "decision": "skip",
    "reason": "already_fired_today",
    "ruleId": "replay_quota_14",
    "tick": "t9_msft_whipsaw_down_fires",
  },
  {
    "decision": "skip",
    "reason": "already_fired_today",
    "ruleId": "replay_quota_15",
    "tick": "t9_msft_whipsaw_down_fires",
  },
  {
    "decision": "skip",
    "reason": "already_fired_today",
    "ruleId": "replay_quota_16",
    "tick": "t9_msft_whipsaw_down_fires",
  },
  {
    "decision": "skip",
    "reason": "already_fired_today",
    "ruleId": "replay_quota_17",
    "tick": "t9_msft_whipsaw_down_fires",
  },
  {
    "decision": "skip",
    "reason": "already_fired_today",
    "ruleId": "replay_quota_18",
    "tick": "t9_msft_whipsaw_down_fires",
  },
  {
    "decision": "skip",
    "reason": "already_fired_today",
    "ruleId": "replay_quota_19",
    "tick": "t9_msft_whipsaw_down_fires",
  },
  {
    "decision": "skip",
    "reason": "already_fired_today",
    "ruleId": "replay_quota_20",
    "tick": "t9_msft_whipsaw_down_fires",
  },
  {
    "decision": "skip",
    "reason": "already_fired_today",
    "ruleId": "replay_quota_21",
    "tick": "t9_msft_whipsaw_down_fires",
  },
  {
    "decision": "skip",
    "reason": "already_fired_today",
    "ruleId": "replay_quota_22",
    "tick": "t9_msft_whipsaw_down_fires",
  },
  {
    "decision": "skip",
    "reason": "already_fired_today",
    "ruleId": "replay_quota_23",
    "tick": "t9_msft_whipsaw_down_fires",
  },
  {
    "decision": "skip",
    "reason": "already_fired_today",
    "ruleId": "replay_quota_24",
    "tick": "t9_msft_whipsaw_down_fires",
  },
  {
    "decision": "skip",
    "reason": "already_fired_today",
    "ruleId": "replay_quota_25",
    "tick": "t9_msft_whipsaw_down_fires",
  },
  {
    "decision": "skip",
    "reason": "already_fired_today",
    "ruleId": "replay_quota_26",
    "tick": "t9_msft_whipsaw_down_fires",
  },
  {
    "decision": "skip",
    "reason": "already_fired_today",
    "ruleId": "replay_quota_27",
    "tick": "t9_msft_whipsaw_down_fires",
  },
  {
    "decision": "skip",
    "reason": "already_fired_today",
    "ruleId": "replay_quota_28",
    "tick": "t9_msft_whipsaw_down_fires",
  },
  {
    "decision": "skip",
    "reason": "already_fired_today",
    "ruleId": "replay_quota_29",
    "tick": "t9_msft_whipsaw_down_fires",
  },
  {
    "decision": "skip",
    "reason": "quota",
    "ruleId": "replay_quota_30",
    "tick": "t9_msft_whipsaw_down_fires",
  },
  {
    "decision": "skip",
    "reason": "already_fired_today",
    "ruleId": "replay_daily_move",
    "tick": "t10_msft_rearms_down",
  },
  {
    "decision": "skip",
    "reason": "rearmed",
    "ruleId": "replay_pnl",
    "tick": "t10_msft_rearms_down",
  },
  {
    "decision": "skip",
    "reason": "insufficient_history",
    "ruleId": "replay_spike",
    "tick": "t10_msft_rearms_down",
  },
  {
    "decision": "skip",
    "reason": "disarmed",
    "ruleId": "replay_exposure",
    "tick": "t10_msft_rearms_down",
  },
  {
    "decision": "skip",
    "reason": "already_fired_today",
    "ruleId": "replay_quota_0",
    "tick": "t10_msft_rearms_down",
  },
  {
    "decision": "skip",
    "reason": "already_fired_today",
    "ruleId": "replay_quota_1",
    "tick": "t10_msft_rearms_down",
  },
  {
    "decision": "skip",
    "reason": "already_fired_today",
    "ruleId": "replay_quota_2",
    "tick": "t10_msft_rearms_down",
  },
  {
    "decision": "skip",
    "reason": "already_fired_today",
    "ruleId": "replay_quota_3",
    "tick": "t10_msft_rearms_down",
  },
  {
    "decision": "skip",
    "reason": "already_fired_today",
    "ruleId": "replay_quota_4",
    "tick": "t10_msft_rearms_down",
  },
  {
    "decision": "skip",
    "reason": "already_fired_today",
    "ruleId": "replay_quota_5",
    "tick": "t10_msft_rearms_down",
  },
  {
    "decision": "skip",
    "reason": "already_fired_today",
    "ruleId": "replay_quota_6",
    "tick": "t10_msft_rearms_down",
  },
  {
    "decision": "skip",
    "reason": "already_fired_today",
    "ruleId": "replay_quota_7",
    "tick": "t10_msft_rearms_down",
  },
  {
    "decision": "skip",
    "reason": "already_fired_today",
    "ruleId": "replay_quota_8",
    "tick": "t10_msft_rearms_down",
  },
  {
    "decision": "skip",
    "reason": "already_fired_today",
    "ruleId": "replay_quota_9",
    "tick": "t10_msft_rearms_down",
  },
  {
    "decision": "skip",
    "reason": "already_fired_today",
    "ruleId": "replay_quota_10",
    "tick": "t10_msft_rearms_down",
  },
  {
    "decision": "skip",
    "reason": "already_fired_today",
    "ruleId": "replay_quota_11",
    "tick": "t10_msft_rearms_down",
  },
  {
    "decision": "skip",
    "reason": "already_fired_today",
    "ruleId": "replay_quota_12",
    "tick": "t10_msft_rearms_down",
  },
  {
    "decision": "skip",
    "reason": "already_fired_today",
    "ruleId": "replay_quota_13",
    "tick": "t10_msft_rearms_down",
  },
  {
    "decision": "skip",
    "reason": "already_fired_today",
    "ruleId": "replay_quota_14",
    "tick": "t10_msft_rearms_down",
  },
  {
    "decision": "skip",
    "reason": "already_fired_today",
    "ruleId": "replay_quota_15",
    "tick": "t10_msft_rearms_down",
  },
  {
    "decision": "skip",
    "reason": "already_fired_today",
    "ruleId": "replay_quota_16",
    "tick": "t10_msft_rearms_down",
  },
  {
    "decision": "skip",
    "reason": "already_fired_today",
    "ruleId": "replay_quota_17",
    "tick": "t10_msft_rearms_down",
  },
  {
    "decision": "skip",
    "reason": "already_fired_today",
    "ruleId": "replay_quota_18",
    "tick": "t10_msft_rearms_down",
  },
  {
    "decision": "skip",
    "reason": "already_fired_today",
    "ruleId": "replay_quota_19",
    "tick": "t10_msft_rearms_down",
  },
  {
    "decision": "skip",
    "reason": "already_fired_today",
    "ruleId": "replay_quota_20",
    "tick": "t10_msft_rearms_down",
  },
  {
    "decision": "skip",
    "reason": "already_fired_today",
    "ruleId": "replay_quota_21",
    "tick": "t10_msft_rearms_down",
  },
  {
    "decision": "skip",
    "reason": "already_fired_today",
    "ruleId": "replay_quota_22",
    "tick": "t10_msft_rearms_down",
  },
  {
    "decision": "skip",
    "reason": "already_fired_today",
    "ruleId": "replay_quota_23",
    "tick": "t10_msft_rearms_down",
  },
  {
    "decision": "skip",
    "reason": "already_fired_today",
    "ruleId": "replay_quota_24",
    "tick": "t10_msft_rearms_down",
  },
  {
    "decision": "skip",
    "reason": "already_fired_today",
    "ruleId": "replay_quota_25",
    "tick": "t10_msft_rearms_down",
  },
  {
    "decision": "skip",
    "reason": "already_fired_today",
    "ruleId": "replay_quota_26",
    "tick": "t10_msft_rearms_down",
  },
  {
    "decision": "skip",
    "reason": "already_fired_today",
    "ruleId": "replay_quota_27",
    "tick": "t10_msft_rearms_down",
  },
  {
    "decision": "skip",
    "reason": "already_fired_today",
    "ruleId": "replay_quota_28",
    "tick": "t10_msft_rearms_down",
  },
  {
    "decision": "skip",
    "reason": "already_fired_today",
    "ruleId": "replay_quota_29",
    "tick": "t10_msft_rearms_down",
  },
  {
    "decision": "skip",
    "reason": "quota",
    "ruleId": "replay_quota_30",
    "tick": "t10_msft_rearms_down",
  },
  {
    "decision": "skip",
    "reason": "already_fired_today",
    "ruleId": "replay_daily_move",
    "tick": "t11_msft_fires_down_again",
  },
  {
    "decision": "fire",
    "reason": "unrealized_pnl",
    "ruleId": "replay_pnl",
    "tick": "t11_msft_fires_down_again",
  },
  {
    "decision": "skip",
    "reason": "below_threshold",
    "ruleId": "replay_spike",
    "tick": "t11_msft_fires_down_again",
  },
  {
    "decision": "skip",
    "reason": "rearmed",
    "ruleId": "replay_exposure",
    "tick": "t11_msft_fires_down_again",
  },
  {
    "decision": "skip",
    "reason": "already_fired_today",
    "ruleId": "replay_quota_0",
    "tick": "t11_msft_fires_down_again",
  },
  {
    "decision": "skip",
    "reason": "already_fired_today",
    "ruleId": "replay_quota_1",
    "tick": "t11_msft_fires_down_again",
  },
  {
    "decision": "skip",
    "reason": "already_fired_today",
    "ruleId": "replay_quota_2",
    "tick": "t11_msft_fires_down_again",
  },
  {
    "decision": "skip",
    "reason": "already_fired_today",
    "ruleId": "replay_quota_3",
    "tick": "t11_msft_fires_down_again",
  },
  {
    "decision": "skip",
    "reason": "already_fired_today",
    "ruleId": "replay_quota_4",
    "tick": "t11_msft_fires_down_again",
  },
  {
    "decision": "skip",
    "reason": "already_fired_today",
    "ruleId": "replay_quota_5",
    "tick": "t11_msft_fires_down_again",
  },
  {
    "decision": "skip",
    "reason": "already_fired_today",
    "ruleId": "replay_quota_6",
    "tick": "t11_msft_fires_down_again",
  },
  {
    "decision": "skip",
    "reason": "already_fired_today",
    "ruleId": "replay_quota_7",
    "tick": "t11_msft_fires_down_again",
  },
  {
    "decision": "skip",
    "reason": "already_fired_today",
    "ruleId": "replay_quota_8",
    "tick": "t11_msft_fires_down_again",
  },
  {
    "decision": "skip",
    "reason": "already_fired_today",
    "ruleId": "replay_quota_9",
    "tick": "t11_msft_fires_down_again",
  },
  {
    "decision": "skip",
    "reason": "already_fired_today",
    "ruleId": "replay_quota_10",
    "tick": "t11_msft_fires_down_again",
  },
  {
    "decision": "skip",
    "reason": "already_fired_today",
    "ruleId": "replay_quota_11",
    "tick": "t11_msft_fires_down_again",
  },
  {
    "decision": "skip",
    "reason": "already_fired_today",
    "ruleId": "replay_quota_12",
    "tick": "t11_msft_fires_down_again",
  },
  {
    "decision": "skip",
    "reason": "already_fired_today",
    "ruleId": "replay_quota_13",
    "tick": "t11_msft_fires_down_again",
  },
  {
    "decision": "skip",
    "reason": "already_fired_today",
    "ruleId": "replay_quota_14",
    "tick": "t11_msft_fires_down_again",
  },
  {
    "decision": "skip",
    "reason": "already_fired_today",
    "ruleId": "replay_quota_15",
    "tick": "t11_msft_fires_down_again",
  },
  {
    "decision": "skip",
    "reason": "already_fired_today",
    "ruleId": "replay_quota_16",
    "tick": "t11_msft_fires_down_again",
  },
  {
    "decision": "skip",
    "reason": "already_fired_today",
    "ruleId": "replay_quota_17",
    "tick": "t11_msft_fires_down_again",
  },
  {
    "decision": "skip",
    "reason": "already_fired_today",
    "ruleId": "replay_quota_18",
    "tick": "t11_msft_fires_down_again",
  },
  {
    "decision": "skip",
    "reason": "already_fired_today",
    "ruleId": "replay_quota_19",
    "tick": "t11_msft_fires_down_again",
  },
  {
    "decision": "skip",
    "reason": "already_fired_today",
    "ruleId": "replay_quota_20",
    "tick": "t11_msft_fires_down_again",
  },
  {
    "decision": "skip",
    "reason": "already_fired_today",
    "ruleId": "replay_quota_21",
    "tick": "t11_msft_fires_down_again",
  },
  {
    "decision": "skip",
    "reason": "already_fired_today",
    "ruleId": "replay_quota_22",
    "tick": "t11_msft_fires_down_again",
  },
  {
    "decision": "skip",
    "reason": "already_fired_today",
    "ruleId": "replay_quota_23",
    "tick": "t11_msft_fires_down_again",
  },
  {
    "decision": "skip",
    "reason": "already_fired_today",
    "ruleId": "replay_quota_24",
    "tick": "t11_msft_fires_down_again",
  },
  {
    "decision": "skip",
    "reason": "already_fired_today",
    "ruleId": "replay_quota_25",
    "tick": "t11_msft_fires_down_again",
  },
  {
    "decision": "skip",
    "reason": "already_fired_today",
    "ruleId": "replay_quota_26",
    "tick": "t11_msft_fires_down_again",
  },
  {
    "decision": "skip",
    "reason": "already_fired_today",
    "ruleId": "replay_quota_27",
    "tick": "t11_msft_fires_down_again",
  },
  {
    "decision": "skip",
    "reason": "already_fired_today",
    "ruleId": "replay_quota_28",
    "tick": "t11_msft_fires_down_again",
  },
  {
    "decision": "skip",
    "reason": "already_fired_today",
    "ruleId": "replay_quota_29",
    "tick": "t11_msft_fires_down_again",
  },
  {
    "decision": "skip",
    "reason": "quota",
    "ruleId": "replay_quota_30",
    "tick": "t11_msft_fires_down_again",
  },
  {
    "decision": "skip",
    "reason": "already_fired_today",
    "ruleId": "replay_daily_move",
    "tick": "t12_exposure_fires_again",
  },
  {
    "decision": "skip",
    "reason": "disarmed",
    "ruleId": "replay_pnl",
    "tick": "t12_exposure_fires_again",
  },
  {
    "decision": "skip",
    "reason": "below_threshold",
    "ruleId": "replay_spike",
    "tick": "t12_exposure_fires_again",
  },
  {
    "decision": "fire",
    "reason": "exposure",
    "ruleId": "replay_exposure",
    "tick": "t12_exposure_fires_again",
  },
  {
    "decision": "skip",
    "reason": "already_fired_today",
    "ruleId": "replay_quota_0",
    "tick": "t12_exposure_fires_again",
  },
  {
    "decision": "skip",
    "reason": "already_fired_today",
    "ruleId": "replay_quota_1",
    "tick": "t12_exposure_fires_again",
  },
  {
    "decision": "skip",
    "reason": "already_fired_today",
    "ruleId": "replay_quota_2",
    "tick": "t12_exposure_fires_again",
  },
  {
    "decision": "skip",
    "reason": "already_fired_today",
    "ruleId": "replay_quota_3",
    "tick": "t12_exposure_fires_again",
  },
  {
    "decision": "skip",
    "reason": "already_fired_today",
    "ruleId": "replay_quota_4",
    "tick": "t12_exposure_fires_again",
  },
  {
    "decision": "skip",
    "reason": "already_fired_today",
    "ruleId": "replay_quota_5",
    "tick": "t12_exposure_fires_again",
  },
  {
    "decision": "skip",
    "reason": "already_fired_today",
    "ruleId": "replay_quota_6",
    "tick": "t12_exposure_fires_again",
  },
  {
    "decision": "skip",
    "reason": "already_fired_today",
    "ruleId": "replay_quota_7",
    "tick": "t12_exposure_fires_again",
  },
  {
    "decision": "skip",
    "reason": "already_fired_today",
    "ruleId": "replay_quota_8",
    "tick": "t12_exposure_fires_again",
  },
  {
    "decision": "skip",
    "reason": "already_fired_today",
    "ruleId": "replay_quota_9",
    "tick": "t12_exposure_fires_again",
  },
  {
    "decision": "skip",
    "reason": "already_fired_today",
    "ruleId": "replay_quota_10",
    "tick": "t12_exposure_fires_again",
  },
  {
    "decision": "skip",
    "reason": "already_fired_today",
    "ruleId": "replay_quota_11",
    "tick": "t12_exposure_fires_again",
  },
  {
    "decision": "skip",
    "reason": "already_fired_today",
    "ruleId": "replay_quota_12",
    "tick": "t12_exposure_fires_again",
  },
  {
    "decision": "skip",
    "reason": "already_fired_today",
    "ruleId": "replay_quota_13",
    "tick": "t12_exposure_fires_again",
  },
  {
    "decision": "skip",
    "reason": "already_fired_today",
    "ruleId": "replay_quota_14",
    "tick": "t12_exposure_fires_again",
  },
  {
    "decision": "skip",
    "reason": "already_fired_today",
    "ruleId": "replay_quota_15",
    "tick": "t12_exposure_fires_again",
  },
  {
    "decision": "skip",
    "reason": "already_fired_today",
    "ruleId": "replay_quota_16",
    "tick": "t12_exposure_fires_again",
  },
  {
    "decision": "skip",
    "reason": "already_fired_today",
    "ruleId": "replay_quota_17",
    "tick": "t12_exposure_fires_again",
  },
  {
    "decision": "skip",
    "reason": "already_fired_today",
    "ruleId": "replay_quota_18",
    "tick": "t12_exposure_fires_again",
  },
  {
    "decision": "skip",
    "reason": "already_fired_today",
    "ruleId": "replay_quota_19",
    "tick": "t12_exposure_fires_again",
  },
  {
    "decision": "skip",
    "reason": "already_fired_today",
    "ruleId": "replay_quota_20",
    "tick": "t12_exposure_fires_again",
  },
  {
    "decision": "skip",
    "reason": "already_fired_today",
    "ruleId": "replay_quota_21",
    "tick": "t12_exposure_fires_again",
  },
  {
    "decision": "skip",
    "reason": "already_fired_today",
    "ruleId": "replay_quota_22",
    "tick": "t12_exposure_fires_again",
  },
  {
    "decision": "skip",
    "reason": "already_fired_today",
    "ruleId": "replay_quota_23",
    "tick": "t12_exposure_fires_again",
  },
  {
    "decision": "skip",
    "reason": "already_fired_today",
    "ruleId": "replay_quota_24",
    "tick": "t12_exposure_fires_again",
  },
  {
    "decision": "skip",
    "reason": "already_fired_today",
    "ruleId": "replay_quota_25",
    "tick": "t12_exposure_fires_again",
  },
  {
    "decision": "skip",
    "reason": "already_fired_today",
    "ruleId": "replay_quota_26",
    "tick": "t12_exposure_fires_again",
  },
  {
    "decision": "skip",
    "reason": "already_fired_today",
    "ruleId": "replay_quota_27",
    "tick": "t12_exposure_fires_again",
  },
  {
    "decision": "skip",
    "reason": "already_fired_today",
    "ruleId": "replay_quota_28",
    "tick": "t12_exposure_fires_again",
  },
  {
    "decision": "skip",
    "reason": "already_fired_today",
    "ruleId": "replay_quota_29",
    "tick": "t12_exposure_fires_again",
  },
  {
    "decision": "skip",
    "reason": "quota",
    "ruleId": "replay_quota_30",
    "tick": "t12_exposure_fires_again",
  },
]
`;
